// Jest Snapshot v1, https://goo.gl/fbAQLP

exports[`should render correctly 1`] = `
<DocumentFragment>
  <div
    class="card"
  >
    <div
      class="card-block"
    >
      <p
        class="card-text"
      >
        foo
      </p>
    </div>
    <div
      class="card-footer"
    >
      <a
        class="comment-author"
        href="/@SmokeTest"
      >
        <img
          alt="User's profile picture"
          class="comment-author-img"
          src="https://static.productionready.io/images/smiley-cyrus.jpg"
        />
      </a>
      Â 
      <a
        class="comment-author"
        href="/@SmokeTest"
      >
        SmokeTest
      </a>
      <span
        class="date-posted"
      >
        February 18, 2009
      </span>
      <span
        class="mod-options"
      />
    </div>
  </div>
</DocumentFragment>
`;
