// Jest Snapshot v1, https://goo.gl/fbAQLP

exports[`renders the Pagination component 1`] = `
<DocumentFragment>
  <ul
    class="pagination"
  >
    <li
      class="page-item active"
    >
      <a
        class="page-link"
      >
        1
      </a>
    </li>
  </ul>
</DocumentFragment>
`;
